// Jest Snapshot v1, https://goo.gl/fbAQLP

exports[`Button should match snapshot 1`] = `
<button
  id="testid"
  style={
    Object {
      "margin": "10px 10px 10px 0",
    }
  }
>
  my button
</button>
`;
